// Jest Snapshot v1, https://goo.gl/fbAQLP

exports[`Character Component renders Character 1`] = `
<h1>
  Loading!
</h1>
`;
